// Jest Snapshot v1, https://goo.gl/fbAQLP

exports[`Pruebas en <SearchPage /> debe de mostrarse correactamente con valores por defecto 1`] = `
<div>
  <div
    class="row mb-5"
  >
    <div
      class="col-12"
    >
      <form
        aria-label="form"
      >
        <input
          autocomplete="off"
          class="form-control"
          name="searchText"
          placeholder="Search a hero and press the enter key"
          type="text"
          value=""
        />
      </form>
    </div>
  </div>
  <div
    class="row"
  >
    <div
      class="col-12"
    >
      <h4>
        Results
      </h4>
      <div
        class="alert alert-primary animate__animated animate__fadeIn"
      >
        Search a hero
      </div>
      <div
        aria-label="alert-danger"
        class="alert alert-danger animate__animated animate__fadeIn"
        style="display: none;"
      >
        No hero with 
        <b />
      </div>
    </div>
  </div>
</div>
`;
